Archive member included to satisfy reference by file (symbol)

c:/smt32toolchain/gcc-arm/5.4 2016q3/bin/../lib/gcc/arm-none-eabi/5.4.1/armv7e-m\libgcc.a(unwind-arm.o)
                              ./system/src/newlib/_cxx.o (__aeabi_unwind_cpp_pr1)
c:/smt32toolchain/gcc-arm/5.4 2016q3/bin/../lib/gcc/arm-none-eabi/5.4.1/armv7e-m\libgcc.a(libunwind.o)
                              c:/smt32toolchain/gcc-arm/5.4 2016q3/bin/../lib/gcc/arm-none-eabi/5.4.1/armv7e-m\libgcc.a(unwind-arm.o) (restore_core_regs)
c:/smt32toolchain/gcc-arm/5.4 2016q3/bin/../lib/gcc/arm-none-eabi/5.4.1/armv7e-m\libgcc.a(pr-support.o)
                              c:/smt32toolchain/gcc-arm/5.4 2016q3/bin/../lib/gcc/arm-none-eabi/5.4.1/armv7e-m\libgcc.a(unwind-arm.o) (__gnu_unwind_execute)
c:/smt32toolchain/gcc-arm/5.4 2016q3/bin/../lib/gcc/arm-none-eabi/5.4.1/../../../../arm-none-eabi/lib/armv7e-m\libg_nano.a(lib_a-errno.o)
                              ./system/src/newlib/_sbrk.o (__errno)
c:/smt32toolchain/gcc-arm/5.4 2016q3/bin/../lib/gcc/arm-none-eabi/5.4.1/../../../../arm-none-eabi/lib/armv7e-m\libg_nano.a(lib_a-impure.o)
                              c:/smt32toolchain/gcc-arm/5.4 2016q3/bin/../lib/gcc/arm-none-eabi/5.4.1/../../../../arm-none-eabi/lib/armv7e-m\libg_nano.a(lib_a-errno.o) (_impure_ptr)
c:/smt32toolchain/gcc-arm/5.4 2016q3/bin/../lib/gcc/arm-none-eabi/5.4.1/../../../../arm-none-eabi/lib/armv7e-m\libg_nano.a(lib_a-init.o)
                              ./system/src/cmsis/startup_stm32f401xe.o (__libc_init_array)
c:/smt32toolchain/gcc-arm/5.4 2016q3/bin/../lib/gcc/arm-none-eabi/5.4.1/../../../../arm-none-eabi/lib/armv7e-m\libg_nano.a(lib_a-memcpy-stub.o)
                              c:/smt32toolchain/gcc-arm/5.4 2016q3/bin/../lib/gcc/arm-none-eabi/5.4.1/armv7e-m\libgcc.a(unwind-arm.o) (memcpy)
c:/smt32toolchain/gcc-arm/5.4 2016q3/bin/../lib/gcc/arm-none-eabi/5.4.1/../../../../arm-none-eabi/lib/armv7e-m\libg_nano.a(lib_a-strlen.o)
                              ./system/src/diag/Trace.o (strlen)
c:/smt32toolchain/gcc-arm/5.4 2016q3/bin/../lib/gcc/arm-none-eabi/5.4.1/../../../../arm-none-eabi/lib/armv7e-m\libg_nano.a(lib_a-vsnprintf.o)
                              ./system/src/diag/Trace.o (vsnprintf)
c:/smt32toolchain/gcc-arm/5.4 2016q3/bin/../lib/gcc/arm-none-eabi/5.4.1/../../../../arm-none-eabi/lib/armv7e-m\libg_nano.a(lib_a-nano-svfprintf.o)
                              c:/smt32toolchain/gcc-arm/5.4 2016q3/bin/../lib/gcc/arm-none-eabi/5.4.1/../../../../arm-none-eabi/lib/armv7e-m\libg_nano.a(lib_a-vsnprintf.o) (_svfprintf_r)
c:/smt32toolchain/gcc-arm/5.4 2016q3/bin/../lib/gcc/arm-none-eabi/5.4.1/../../../../arm-none-eabi/lib/armv7e-m\libg_nano.a(lib_a-nano-vfprintf_i.o)
                              c:/smt32toolchain/gcc-arm/5.4 2016q3/bin/../lib/gcc/arm-none-eabi/5.4.1/../../../../arm-none-eabi/lib/armv7e-m\libg_nano.a(lib_a-nano-svfprintf.o) (_printf_i)
c:/smt32toolchain/gcc-arm/5.4 2016q3/bin/../lib/gcc/arm-none-eabi/5.4.1/../../../../arm-none-eabi/lib/armv7e-m\libg_nano.a(lib_a-memchr.o)
                              c:/smt32toolchain/gcc-arm/5.4 2016q3/bin/../lib/gcc/arm-none-eabi/5.4.1/../../../../arm-none-eabi/lib/armv7e-m\libg_nano.a(lib_a-nano-svfprintf.o) (memchr)
c:/smt32toolchain/gcc-arm/5.4 2016q3/bin/../lib/gcc/arm-none-eabi/5.4.1/../../../../arm-none-eabi/lib/armv7e-m\libg_nano.a(lib_a-memmove.o)
                              c:/smt32toolchain/gcc-arm/5.4 2016q3/bin/../lib/gcc/arm-none-eabi/5.4.1/../../../../arm-none-eabi/lib/armv7e-m\libg_nano.a(lib_a-nano-svfprintf.o) (memmove)
c:/smt32toolchain/gcc-arm/5.4 2016q3/bin/../lib/gcc/arm-none-eabi/5.4.1/../../../../arm-none-eabi/lib/armv7e-m\libg_nano.a(lib_a-nano-freer.o)
                              c:/smt32toolchain/gcc-arm/5.4 2016q3/bin/../lib/gcc/arm-none-eabi/5.4.1/../../../../arm-none-eabi/lib/armv7e-m\libg_nano.a(lib_a-nano-svfprintf.o) (_free_r)
c:/smt32toolchain/gcc-arm/5.4 2016q3/bin/../lib/gcc/arm-none-eabi/5.4.1/../../../../arm-none-eabi/lib/armv7e-m\libg_nano.a(lib_a-nano-mallocr.o)
                              c:/smt32toolchain/gcc-arm/5.4 2016q3/bin/../lib/gcc/arm-none-eabi/5.4.1/../../../../arm-none-eabi/lib/armv7e-m\libg_nano.a(lib_a-nano-svfprintf.o) (_malloc_r)
c:/smt32toolchain/gcc-arm/5.4 2016q3/bin/../lib/gcc/arm-none-eabi/5.4.1/../../../../arm-none-eabi/lib/armv7e-m\libg_nano.a(lib_a-nano-reallocr.o)
                              c:/smt32toolchain/gcc-arm/5.4 2016q3/bin/../lib/gcc/arm-none-eabi/5.4.1/../../../../arm-none-eabi/lib/armv7e-m\libg_nano.a(lib_a-nano-svfprintf.o) (_realloc_r)
c:/smt32toolchain/gcc-arm/5.4 2016q3/bin/../lib/gcc/arm-none-eabi/5.4.1/../../../../arm-none-eabi/lib/armv7e-m\libg_nano.a(lib_a-sbrkr.o)
                              c:/smt32toolchain/gcc-arm/5.4 2016q3/bin/../lib/gcc/arm-none-eabi/5.4.1/../../../../arm-none-eabi/lib/armv7e-m\libg_nano.a(lib_a-nano-mallocr.o) (_sbrk_r)
[...]
Memory Configuration

Name             Origin             Length             Attributes
FLASH            0x08000000         0x00080000         xr
RAM              0x20000000         0x00018000         xrw
CCMRAM           0x10000000         0x00000000         xrw
FLASHB1          0x00000000         0x00000000         xr
EXTMEMB0         0x00000000         0x00000000         xr
EXTMEMB1         0x00000000         0x00000000         xr
EXTMEMB2         0x00000000         0x00000000         xr
EXTMEMB3         0x00000000         0x00000000         xr
*default*        0x00000000         0xffffffff

Linker script and memory map

LOAD ./system/src/stm32f4xx/stm32f4xx_hal.o
LOAD ./system/src/stm32f4xx/stm32f4xx_hal_cortex.o
LOAD ./system/src/stm32f4xx/stm32f4xx_hal_dma.o
LOAD ./system/src/stm32f4xx/stm32f4xx_hal_dma_ex.o
LOAD ./system/src/stm32f4xx/stm32f4xx_hal_flash.o
LOAD ./system/src/stm32f4xx/stm32f4xx_hal_flash_ex.o
LOAD ./system/src/stm32f4xx/stm32f4xx_hal_flash_ramfunc.o
LOAD ./system/src/stm32f4xx/stm32f4xx_hal_gpio.o
LOAD ./system/src/stm32f4xx/stm32f4xx_hal_pwr.o
LOAD ./system/src/stm32f4xx/stm32f4xx_hal_pwr_ex.o
LOAD ./system/src/stm32f4xx/stm32f4xx_hal_rcc.o
LOAD ./system/src/stm32f4xx/stm32f4xx_hal_rcc_ex.o
LOAD ./system/src/stm32f4xx/stm32f4xx_hal_tim.o
LOAD ./system/src/stm32f4xx/stm32f4xx_hal_tim_ex.o
LOAD ./system/src/newlib/_cxx.o
LOAD ./system/src/newlib/_exit.o
LOAD ./system/src/newlib/_sbrk.o
LOAD ./system/src/newlib/_startup.o
LOAD ./system/src/newlib/_syscalls.o
LOAD ./system/src/newlib/assert.o
LOAD ./system/src/diag/Trace.o
LOAD ./system/src/diag/trace_impl.o
LOAD ./system/src/cortexm/_initialize_hardware.o
LOAD ./system/src/cortexm/_reset_hardware.o
LOAD ./system/src/cortexm/exception_handlers.o
LOAD ./system/src/cmsis/startup_stm32f401xe.o
LOAD ./src/_write.o
LOAD ./src/main.o
LOAD ./src/stm32f4xx_hal_msp.o
LOAD ./src/stm32f4xx_it.o
LOAD ./src/system_stm32f4xx.o
LOAD c:/smt32toolchain/gcc-arm/5.4 2016q3/bin/../lib/gcc/arm-none-eabi/5.4.1/../../../../arm-none-eabi/lib/armv7e-m\libstdc++_nano.a
LOAD c:/smt32toolchain/gcc-arm/5.4 2016q3/bin/../lib/gcc/arm-none-eabi/5.4.1/../../../../arm-none-eabi/lib/armv7e-m\libm.a
START GROUP
LOAD c:/smt32toolchain/gcc-arm/5.4 2016q3/bin/../lib/gcc/arm-none-eabi/5.4.1/armv7e-m\libgcc.a
LOAD c:/smt32toolchain/gcc-arm/5.4 2016q3/bin/../lib/gcc/arm-none-eabi/5.4.1/../../../../arm-none-eabi/lib/armv7e-m\libg_nano.a
LOAD c:/smt32toolchain/gcc-arm/5.4 2016q3/bin/../lib/gcc/arm-none-eabi/5.4.1/../../../../arm-none-eabi/lib/armv7e-m\libc_nano.a
END GROUP
START GROUP
LOAD c:/smt32toolchain/gcc-arm/5.4 2016q3/bin/../lib/gcc/arm-none-eabi/5.4.1/armv7e-m\libgcc.a
LOAD c:/smt32toolchain/gcc-arm/5.4 2016q3/bin/../lib/gcc/arm-none-eabi/5.4.1/../../../../arm-none-eabi/lib/armv7e-m\libc_nano.a
END GROUP
                0x20018000                __stack = (ORIGIN (RAM) + LENGTH (RAM))
                0x20018000                _estack = __stack
                0x00000400                __Main_Stack_Size = 0x400
                [!provide]                PROVIDE (_Main_Stack_Size, __Main_Stack_Size)
                0x20017c00                __Main_Stack_Limit = (__stack - __Main_Stack_Size)
                [!provide]                PROVIDE (_Main_Stack_Limit, __Main_Stack_Limit)
                0x00000100                _Minimum_Stack_Size = 0x100
                0x20000118                PROVIDE (_Heap_Begin, _end_noinit)
                0x20017c00                PROVIDE (_Heap_Limit, (__stack - __Main_Stack_Size))

.isr_vector     0x08000000      0x3ac
 FILL mask 0xff
                0x08000000                __vectors_start = ABSOLUTE (.)
                0x08000000                __vectors_start__ = ABSOLUTE (.)
 *(.isr_vector)
 .isr_vector    0x08000000      0x194 ./system/src/cmsis/startup_stm32f401xe.o
                0x08000000                g_pfnVectors
 *(.cfmconfig)
 *(.after_vectors .after_vectors.*)
 .after_vectors
                0x08000194      0x114 ./system/src/newlib/_startup.o
                0x08000194                _start
 .after_vectors
                0x080002a8      0x104 ./system/src/cortexm/exception_handlers.o
                0x080002a8                Reset_Handler
                0x080002b0                NMI_Handler
                0x080002b4                HardFault_Handler
                0x080002c8                HardFault_Handler_C
                0x080002fc                MemManage_Handler
                0x08000300                BusFault_Handler
                0x08000314                BusFault_Handler_C
                0x08000348                UsageFault_Handler
                0x0800035c                UsageFault_Handler_C
                0x08000390                SVC_Handler
                0x08000394                DebugMon_Handler
                0x08000398                PendSV_Handler

.inits          0x080003ac       0x28
                0x080003ac                __data_regions_array_start = .
                0x080003ac        0x4 LONG 0x8001cb0 LOADADDR (.data)
                0x080003b0        0x4 LONG 0x20000000 ADDR (.data)
                0x080003b4        0x4 LONG 0x20000078 (ADDR (.data) + SIZEOF (.data))
                0x080003b8        0x4 LONG 0x8001cb0 LOADADDR (.data_CCMRAM)
                0x080003bc        0x4 LONG 0x10000000 ADDR (.data_CCMRAM)
                0x080003c0        0x4 LONG 0x10000000 (ADDR (.data_CCMRAM) + SIZEOF (.data_CCMRAM))
                0x080003c4                __data_regions_array_end = .
                0x080003c4                __bss_regions_array_start = .
                0x080003c4        0x4 LONG 0x20000078 ADDR (.bss)
                0x080003c8        0x4 LONG 0x20000118 (ADDR (.bss) + SIZEOF (.bss))
                0x080003cc        0x4 LONG 0x10000000 ADDR (.bss_CCMRAM)
                0x080003d0        0x4 LONG 0x10000000 (ADDR (.bss_CCMRAM) + SIZEOF (.bss_CCMRAM))
                0x080003d4                __bss_regions_array_end = .
 *(.init)
 *(.fini)
                0x080003d4                . = ALIGN (0x4)
                0x080003d4                PROVIDE (__preinit_array_start, .)
 *(.preinit_array_sysinit .preinit_array_sysinit.*)
 *(.preinit_array_platform .preinit_array_platform.*)
 *(.preinit_array .preinit_array.*)
                0x080003d4                PROVIDE (__preinit_array_end, .)
                0x080003d4                . = ALIGN (0x4)
                0x080003d4                PROVIDE (__init_array_start, .)
 *(SORT(.init_array.*))
 *(.init_array)
                0x080003d4                PROVIDE (__init_array_end, .)
                0x080003d4                . = ALIGN (0x4)
                0x080003d4                PROVIDE (__fini_array_start, .)
 *(SORT(.fini_array.*))
 *(.fini_array)
                0x080003d4                PROVIDE (__fini_array_end, .)

.flashtext
 *(.flashtext .flashtext.*)

.text           0x080003e0     0x18cf
 *(.text .text.*)
 .text.HAL_InitTick
                0x080003e0       0x2c ./system/src/stm32f4xx/stm32f4xx_hal.o
                0x080003e0                HAL_InitTick
 .text.HAL_Init
                0x0800040c       0x34 ./system/src/stm32f4xx/stm32f4xx_hal.o
                0x0800040c                HAL_Init
 .text.HAL_IncTick
                0x08000440       0x10 ./system/src/stm32f4xx/stm32f4xx_hal.o
                0x08000440                HAL_IncTick
 .text.HAL_GetTick
                0x08000450        0xc ./system/src/stm32f4xx/stm32f4xx_hal.o
                0x08000450                HAL_GetTick
 .text.HAL_Delay
                0x0800045c       0x24 ./system/src/stm32f4xx/stm32f4xx_hal.o
                0x0800045c                HAL_Delay
 .text.HAL_NVIC_SetPriorityGrouping
                0x08000480       0x24 ./system/src/stm32f4xx/stm32f4xx_hal_cortex.o
                0x08000480                HAL_NVIC_SetPriorityGrouping
 .text.HAL_NVIC_SetPriority
                0x080004a4       0x64 ./system/src/stm32f4xx/stm32f4xx_hal_cortex.o
                0x080004a4                HAL_NVIC_SetPriority
 .text.HAL_SYSTICK_Config
                0x08000508       0x2c ./system/src/stm32f4xx/stm32f4xx_hal_cortex.o
                0x08000508                HAL_SYSTICK_Config
 .text.HAL_SYSTICK_CLKSourceConfig
                0x08000534       0x20 ./system/src/stm32f4xx/stm32f4xx_hal_cortex.o
                0x08000534                HAL_SYSTICK_CLKSourceConfig
 .text.HAL_SYSTICK_Callback
                0x08000554        0x4 ./system/src/stm32f4xx/stm32f4xx_hal_cortex.o
                0x08000554                HAL_SYSTICK_Callback
 .text.HAL_SYSTICK_IRQHandler
                0x08000558        0x8 ./system/src/stm32f4xx/stm32f4xx_hal_cortex.o
                0x08000558                HAL_SYSTICK_IRQHandler
 .text.HAL_GPIO_Init
                0x08000560      0x19c ./system/src/stm32f4xx/stm32f4xx_hal_gpio.o
                0x08000560                HAL_GPIO_Init
 .text.HAL_GPIO_ReadPin
                0x080006fc       0x10 ./system/src/stm32f4xx/stm32f4xx_hal_gpio.o
                0x080006fc                HAL_GPIO_ReadPin
 .text.HAL_GPIO_WritePin
                0x0800070c        0xc ./system/src/stm32f4xx/stm32f4xx_hal_gpio.o
                0x0800070c                HAL_GPIO_WritePin
 .text.HAL_GPIO_TogglePin
                0x08000718        0x8 ./system/src/stm32f4xx/stm32f4xx_hal_gpio.o
                0x08000718                HAL_GPIO_TogglePin
 .text.HAL_RCC_OscConfig
                0x08000720      0x3c8 ./system/src/stm32f4xx/stm32f4xx_hal_rcc.o
                0x08000720                HAL_RCC_OscConfig
 .text.HAL_RCC_GetSysClockFreq
                0x08000ae8       0xa0 ./system/src/stm32f4xx/stm32f4xx_hal_rcc.o
                0x08000ae8                HAL_RCC_GetSysClockFreq
 .text.HAL_RCC_ClockConfig
                0x08000b88      0x1b0 ./system/src/stm32f4xx/stm32f4xx_hal_rcc.o
                0x08000b88                HAL_RCC_ClockConfig
 .text.HAL_RCC_GetHCLKFreq
                0x08000d38        0xc ./system/src/stm32f4xx/stm32f4xx_hal_rcc.o
                0x08000d38                HAL_RCC_GetHCLKFreq
 .text._exit    0x08000d44        0x4 ./system/src/newlib/_exit.o
                0x08000d44                _exit
 .text._sbrk    0x08000d48       0x44 ./system/src/newlib/_sbrk.o
                0x08000d48                _sbrk
 .text.__initialize_args
                0x08000d8c       0x10 ./system/src/newlib/_syscalls.o
                0x08000d8c                __initialize_args
 .text.trace_printf
                0x08000d9c       0x30 ./system/src/diag/Trace.o
                0x08000d9c                trace_printf
 .text.trace_write
                0x08000dcc        0x8 ./system/src/diag/trace_impl.o
                0x08000dcc                trace_write
 .text.__initialize_hardware_early
                0x08000dd4       0x18 ./system/src/cortexm/_initialize_hardware.o
                0x08000dd4                __initialize_hardware_early
 .text.__initialize_hardware
                0x08000dec        0x8 ./system/src/cortexm/_initialize_hardware.o
                0x08000dec                __initialize_hardware
 .text.dumpExceptionStack
                0x08000df4       0xf0 ./system/src/cortexm/exception_handlers.o
                0x08000df4                dumpExceptionStack
 .text.Default_Handler
                0x08000ee4        0x2 ./system/src/cmsis/startup_stm32f401xe.o
                0x08000ee4                RTC_Alarm_IRQHandler
                0x08000ee4                EXTI2_IRQHandler
                0x08000ee4                SPI4_IRQHandler
                0x08000ee4                TIM1_CC_IRQHandler
                0x08000ee4                DMA2_Stream5_IRQHandler
                0x08000ee4                DMA1_Stream5_IRQHandler
                0x08000ee4                PVD_IRQHandler
                0x08000ee4                SDIO_IRQHandler
                0x08000ee4                TAMP_STAMP_IRQHandler
                0x08000ee4                EXTI3_IRQHandler
                0x08000ee4                TIM1_UP_TIM10_IRQHandler
                0x08000ee4                I2C3_ER_IRQHandler
                0x08000ee4                EXTI0_IRQHandler
                0x08000ee4                I2C2_EV_IRQHandler
                0x08000ee4                DMA1_Stream2_IRQHandler
                0x08000ee4                FPU_IRQHandler
                0x08000ee4                DMA2_Stream2_IRQHandler
                0x08000ee4                SPI1_IRQHandler
                0x08000ee4                TIM1_BRK_TIM9_IRQHandler
                0x08000ee4                DMA2_Stream3_IRQHandler
                0x08000ee4                USART6_IRQHandler
                0x08000ee4                DMA2_Stream0_IRQHandler
                0x08000ee4                TIM4_IRQHandler
                0x08000ee4                I2C1_EV_IRQHandler
                0x08000ee4                DMA1_Stream6_IRQHandler
                0x08000ee4                DMA1_Stream1_IRQHandler
                0x08000ee4                TIM3_IRQHandler
                0x08000ee4                RCC_IRQHandler
                0x08000ee4                Default_Handler
                0x08000ee4                EXTI15_10_IRQHandler
                0x08000ee4                ADC_IRQHandler
                0x08000ee4                DMA1_Stream7_IRQHandler
                0x08000ee4                TIM5_IRQHandler
                0x08000ee4                DMA2_Stream7_IRQHandler
                0x08000ee4                I2C3_EV_IRQHandler
                0x08000ee4                EXTI9_5_IRQHandler
                0x08000ee4                RTC_WKUP_IRQHandler
                0x08000ee4                SPI2_IRQHandler
                0x08000ee4                DMA1_Stream0_IRQHandler
                0x08000ee4                EXTI4_IRQHandler
                0x08000ee4                WWDG_IRQHandler
                0x08000ee4                TIM2_IRQHandler
                0x08000ee4                OTG_FS_WKUP_IRQHandler
                0x08000ee4                TIM1_TRG_COM_TIM11_IRQHandler
                0x08000ee4                EXTI1_IRQHandler
                0x08000ee4                USART2_IRQHandler
                0x08000ee4                I2C2_ER_IRQHandler
                0x08000ee4                DMA2_Stream1_IRQHandler
                0x08000ee4                FLASH_IRQHandler
                0x08000ee4                DMA2_Stream4_IRQHandler
                0x08000ee4                USART1_IRQHandler
                0x08000ee4                OTG_FS_IRQHandler
                0x08000ee4                SPI3_IRQHandler
                0x08000ee4                DMA1_Stream4_IRQHandler
                0x08000ee4                I2C1_ER_IRQHandler
                0x08000ee4                DMA2_Stream6_IRQHandler
                0x08000ee4                DMA1_Stream3_IRQHandler
 *fill*         0x08000ee6        0x2 
 .text.MX_GPIO_Init
                0x08000ee8       0xb8 ./src/main.o
 .text._Error_Handler
                0x08000fa0        0x4 ./src/main.o
                0x08000fa0                _Error_Handler
 .text.SystemClock_Config
                0x08000fa4       0xc4 ./src/main.o
                0x08000fa4                SystemClock_Config
 .text.main     0x08001068       0x38 ./src/main.o
                0x08001068                main
 .text.HAL_MspInit
                0x080010a0       0x60 ./src/stm32f4xx_hal_msp.o
                0x080010a0                HAL_MspInit
 .text.SysTick_Handler
                0x08001100        0xc ./src/stm32f4xx_it.o
                0x08001100                SysTick_Handler
 .text.SystemInit
                0x0800110c       0x40 ./src/system_stm32f4xx.o
                0x0800110c                SystemInit
 .text.SystemCoreClockUpdate
                0x0800114c       0xa0 ./src/system_stm32f4xx.o
                0x0800114c                SystemCoreClockUpdate
 .text.__errno  0x080011ec        0xc c:/smt32toolchain/gcc-arm/5.4 2016q3/bin/../lib/gcc/arm-none-eabi/5.4.1/../../../../arm-none-eabi/lib/armv7e-m\libg_nano.a(lib_a-errno.o)
                0x080011ec                __errno
 .text.memcpy   0x080011f8       0x16 c:/smt32toolchain/gcc-arm/5.4 2016q3/bin/../lib/gcc/arm-none-eabi/5.4.1/../../../../arm-none-eabi/lib/armv7e-m\libg_nano.a(lib_a-memcpy-stub.o)
                0x080011f8                memcpy
 .text._vsnprintf_r
                0x0800120e       0x56 c:/smt32toolchain/gcc-arm/5.4 2016q3/bin/../lib/gcc/arm-none-eabi/5.4.1/../../../../arm-none-eabi/lib/armv7e-m\libg_nano.a(lib_a-vsnprintf.o)
                0x0800120e                _vsniprintf_r
                0x0800120e                _vsnprintf_r
 .text.vsnprintf
                0x08001264       0x1c c:/smt32toolchain/gcc-arm/5.4 2016q3/bin/../lib/gcc/arm-none-eabi/5.4.1/../../../../arm-none-eabi/lib/armv7e-m\libg_nano.a(lib_a-vsnprintf.o)
                0x08001264                vsniprintf
                0x08001264                vsnprintf
 .text.__ssputs_r
                0x08001280       0xb2 c:/smt32toolchain/gcc-arm/5.4 2016q3/bin/../lib/gcc/arm-none-eabi/5.4.1/../../../../arm-none-eabi/lib/armv7e-m\libg_nano.a(lib_a-nano-svfprintf.o)
                0x08001280                __ssputs_r
 *fill*         0x08001332        0x2 
 .text._svfprintf_r
                0x08001334      0x1e8 c:/smt32toolchain/gcc-arm/5.4 2016q3/bin/../lib/gcc/arm-none-eabi/5.4.1/../../../../arm-none-eabi/lib/armv7e-m\libg_nano.a(lib_a-nano-svfprintf.o)
                0x08001334                _svfiprintf_r
                0x08001334                _svfprintf_r
 .text._printf_common
                0x0800151c       0xec c:/smt32toolchain/gcc-arm/5.4 2016q3/bin/../lib/gcc/arm-none-eabi/5.4.1/../../../../arm-none-eabi/lib/armv7e-m\libg_nano.a(lib_a-nano-vfprintf_i.o)
                0x0800151c                _printf_common
 .text._printf_i
                0x08001608      0x24c c:/smt32toolchain/gcc-arm/5.4 2016q3/bin/../lib/gcc/arm-none-eabi/5.4.1/../../../../arm-none-eabi/lib/armv7e-m\libg_nano.a(lib_a-nano-vfprintf_i.o)
                0x08001608                _printf_i
 *fill*         0x08001854        0xc 
 .text          0x08001860       0xa0 c:/smt32toolchain/gcc-arm/5.4 2016q3/bin/../lib/gcc/arm-none-eabi/5.4.1/../../../../arm-none-eabi/lib/armv7e-m\libg_nano.a(lib_a-memchr.o)
                0x08001860                memchr
 .text.memmove  0x08001900       0x36 c:/smt32toolchain/gcc-arm/5.4 2016q3/bin/../lib/gcc/arm-none-eabi/5.4.1/../../../../arm-none-eabi/lib/armv7e-m\libg_nano.a(lib_a-memmove.o)
                0x08001900                memmove
 *fill*         0x08001936        0x2 
 .text._free_r  0x08001938       0x9c c:/smt32toolchain/gcc-arm/5.4 2016q3/bin/../lib/gcc/arm-none-eabi/5.4.1/../../../../arm-none-eabi/lib/armv7e-m\libg_nano.a(lib_a-nano-freer.o)
                0x08001938                _free_r
 .text._malloc_r
                0x080019d4       0xbc c:/smt32toolchain/gcc-arm/5.4 2016q3/bin/../lib/gcc/arm-none-eabi/5.4.1/../../../../arm-none-eabi/lib/armv7e-m\libg_nano.a(lib_a-nano-mallocr.o)
                0x080019d4                _malloc_r
 .text._realloc_r
                0x08001a90       0x4c c:/smt32toolchain/gcc-arm/5.4 2016q3/bin/../lib/gcc/arm-none-eabi/5.4.1/../../../../arm-none-eabi/lib/armv7e-m\libg_nano.a(lib_a-nano-reallocr.o)
                0x08001a90                _realloc_r
 .text._sbrk_r  0x08001adc       0x20 c:/smt32toolchain/gcc-arm/5.4 2016q3/bin/../lib/gcc/arm-none-eabi/5.4.1/../../../../arm-none-eabi/lib/armv7e-m\libg_nano.a(lib_a-sbrkr.o)
                0x08001adc                _sbrk_r
 .text.__malloc_lock
                0x08001afc        0x2 c:/smt32toolchain/gcc-arm/5.4 2016q3/bin/../lib/gcc/arm-none-eabi/5.4.1/../../../../arm-none-eabi/lib/armv7e-m\libg_nano.a(lib_a-mlock.o)
                0x08001afc                __malloc_lock
 .text.__malloc_unlock
                0x08001afe        0x2 c:/smt32toolchain/gcc-arm/5.4 2016q3/bin/../lib/gcc/arm-none-eabi/5.4.1/../../../../arm-none-eabi/lib/armv7e-m\libg_nano.a(lib_a-mlock.o)
                0x08001afe                __malloc_unlock
 .text._malloc_usable_size_r
                0x08001b00       0x14 c:/smt32toolchain/gcc-arm/5.4 2016q3/bin/../lib/gcc/arm-none-eabi/5.4.1/../../../../arm-none-eabi/lib/armv7e-m\libg_nano.a(lib_a-nano-msizer.o)
                0x08001b00                _malloc_usable_size_r
 *(.rodata .rodata.* .constdata .constdata.*)
 .rodata.str1.4
                0x08001b14      0x146 ./system/src/cortexm/exception_handlers.o
 *fill*         0x08001c5a        0x2 
 .rodata.str1.4
                0x08001c5c       0x10 ./src/main.o
                                  0xe (size before relaxing)
 .rodata.AHBPrescTable
                0x08001c6c       0x10 ./src/system_stm32f4xx.o
                0x08001c6c                AHBPrescTable
 .rodata.str1.1
                0x08001c7c       0x11 c:/smt32toolchain/gcc-arm/5.4 2016q3/bin/../lib/gcc/arm-none-eabi/5.4.1/../../../../arm-none-eabi/lib/armv7e-m\libg_nano.a(lib_a-nano-svfprintf.o)
 .rodata.str1.1
                0x08001c8d       0x22 c:/smt32toolchain/gcc-arm/5.4 2016q3/bin/../lib/gcc/arm-none-eabi/5.4.1/../../../../arm-none-eabi/lib/armv7e-m\libg_nano.a(lib_a-nano-vfprintf_i.o)
 *(vtable)
 *(.eh_frame*)
 *(.glue_7)
 .glue_7        0x08001caf        0x0 linker stubs
 *(.glue_7t)
 .glue_7t       0x08001caf        0x0 linker stubs

.vfp11_veneer   0x08001cb0        0x0
 .vfp11_veneer  0x08001cb0        0x0 linker stubs

.v4_bx          0x08001cb0        0x0
 .v4_bx         0x08001cb0        0x0 linker stubs

.iplt           0x08001cb0        0x0
 .iplt          0x08001cb0        0x0 ./system/src/stm32f4xx/stm32f4xx_hal.o

.rel.dyn        0x08001cb0        0x0
 .rel.iplt      0x08001cb0        0x0 ./system/src/stm32f4xx/stm32f4xx_hal.o

.ARM.extab
 *(.ARM.extab* .gnu.linkonce.armextab.*)
                0x08001cb0                . = ALIGN (0x4)
                0x08001cb0                __exidx_start = .

.ARM.exidx
 *(.ARM.exidx* .gnu.linkonce.armexidx.*)
                0x08001cb0                __exidx_end = .
                0x08001cb0                . = ALIGN (0x4)
                0x08001cb0                _etext = .
                0x08001cb0                __etext = .

.data_CCMRAM    0x10000000        0x0 load address 0x08001cb0
 FILL mask 0xff
 *(.data.CCMRAM .data.CCMRAM.*)
                0x10000000                . = ALIGN (0x4)
                0x08001cb0                _sidata = LOADADDR (.data)

.data           0x20000000       0x78 load address 0x08001cb0
 FILL mask 0xff
                0x20000000                _sdata = .
                0x20000000                __data_start__ = .
 *(.data_begin .data_begin.*)
 .data_begin    0x20000000        0x4 ./system/src/newlib/_startup.o
 *(.data .data.*)
 .data.argv.4290
                0x20000004        0x8 ./system/src/newlib/_syscalls.o
 .data.SystemCoreClock
                0x2000000c        0x4 ./src/system_stm32f4xx.o
                0x2000000c                SystemCoreClock
 .data.impure_data
                0x20000010       0x60 c:/smt32toolchain/gcc-arm/5.4 2016q3/bin/../lib/gcc/arm-none-eabi/5.4.1/../../../../arm-none-eabi/lib/armv7e-m\libg_nano.a(lib_a-impure.o)
 .data._impure_ptr
                0x20000070        0x4 c:/smt32toolchain/gcc-arm/5.4 2016q3/bin/../lib/gcc/arm-none-eabi/5.4.1/../../../../arm-none-eabi/lib/armv7e-m\libg_nano.a(lib_a-impure.o)
                0x20000070                _impure_ptr
 *(.data_end .data_end.*)
 .data_end      0x20000074        0x4 ./system/src/newlib/_startup.o
                0x20000078                . = ALIGN (0x4)
                0x20000078                _edata = .
                0x20000078                __data_end__ = .

.igot.plt       0x20000078        0x0 load address 0x08001d28
 .igot.plt      0x20000078        0x0 ./system/src/stm32f4xx/stm32f4xx_hal.o

.bss_CCMRAM     0x10000000        0x0
 *(.bss.CCMRAM .bss.CCMRAM.*)

.bss            0x20000078       0xa0
                0x20000078                __bss_start__ = .
                0x20000078                _sbss = .
 *(.bss_begin .bss_begin.*)
 .bss_begin     0x20000078        0x4 ./system/src/newlib/_startup.o
 *(.bss .bss.*)
 .bss.current_heap_end.3974
                0x2000007c        0x4 ./system/src/newlib/_sbrk.o
 .bss.name.4289
                0x20000080        0x1 ./system/src/newlib/_syscalls.o
 *fill*         0x20000081        0x3 
 .bss.buf.5179  0x20000084       0x80 ./system/src/diag/Trace.o
 .bss.__malloc_sbrk_start
                0x20000104        0x4 c:/smt32toolchain/gcc-arm/5.4 2016q3/bin/../lib/gcc/arm-none-eabi/5.4.1/../../../../arm-none-eabi/lib/armv7e-m\libg_nano.a(lib_a-nano-mallocr.o)
                0x20000104                __malloc_sbrk_start
 .bss.__malloc_free_list
                0x20000108        0x4 c:/smt32toolchain/gcc-arm/5.4 2016q3/bin/../lib/gcc/arm-none-eabi/5.4.1/../../../../arm-none-eabi/lib/armv7e-m\libg_nano.a(lib_a-nano-mallocr.o)
                0x20000108                __malloc_free_list
 *(COMMON)
 COMMON         0x2000010c        0x4 ./system/src/stm32f4xx/stm32f4xx_hal.o
                0x2000010c                uwTick
 COMMON         0x20000110        0x4 ./system/src/newlib/_syscalls.o
                0x20000110                errno
 *(.bss_end .bss_end.*)
 .bss_end       0x20000114        0x4 ./system/src/newlib/_startup.o
                0x20000118                . = ALIGN (0x4)
                0x20000118                __bss_end__ = .
                0x20000118                _ebss = .

.noinit_CCMRAM
 *(.noinit.CCMRAM .noinit.CCMRAM.*)

.noinit         0x20000118        0x0
                0x20000118                _noinit = .
 *(.noinit .noinit.*)
                0x20000118                . = ALIGN (0x4)
                0x20000118                _end_noinit = .
                [!provide]                PROVIDE (end, _end_noinit)
                [!provide]                PROVIDE (_end, _end_noinit)
                [!provide]                PROVIDE (__end, _end_noinit)
                [!provide]                PROVIDE (__end__, _end_noinit)

._check_stack   0x20000118      0x100
                0x20000218                . = (. + _Minimum_Stack_Size)
 *fill*         0x20000118      0x100 

.b1text
 *(.b1text)
 *(.b1rodata)
 *(.b1rodata.*)

.eb0text
 *(.eb0text)
 *(.eb0rodata)
 *(.eb0rodata.*)

.eb1text
 *(.eb1text)
 *(.eb1rodata)
 *(.eb1rodata.*)

.eb2text
 *(.eb2text)
 *(.eb2rodata)
 *(.eb2rodata.*)

.eb3text
 *(.eb3text)
 *(.eb3rodata)
 *(.eb3rodata.*)

.stab
 *(.stab)

.stabstr
 *(.stabstr)

.stab.excl
 *(.stab.excl)

.stab.exclstr
 *(.stab.exclstr)

.stab.index
 *(.stab.index)

.stab.indexstr
 *(.stab.indexstr)

.comment        0x00000000       0x6e
 *(.comment)
 .comment       0x00000000       0x6e ./system/src/stm32f4xx/stm32f4xx_hal.o
                                 0x6f (size before relaxing)
 .comment       0x0000006e       0x6f ./system/src/stm32f4xx/stm32f4xx_hal_cortex.o
 .comment       0x0000006e       0x6f ./system/src/stm32f4xx/stm32f4xx_hal_gpio.o
 .comment       0x0000006e       0x6f ./system/src/stm32f4xx/stm32f4xx_hal_rcc.o
 .comment       0x0000006e       0x6f ./system/src/newlib/_exit.o
 .comment       0x0000006e       0x6f ./system/src/newlib/_sbrk.o
 .comment       0x0000006e       0x6f ./system/src/newlib/_startup.o
 .comment       0x0000006e       0x6f ./system/src/newlib/_syscalls.o
 .comment       0x0000006e       0x6f ./system/src/diag/Trace.o
 .comment       0x0000006e       0x6f ./system/src/diag/trace_impl.o
 .comment       0x0000006e       0x6f ./system/src/cortexm/_initialize_hardware.o
 .comment       0x0000006e       0x6f ./system/src/cortexm/exception_handlers.o
 .comment       0x0000006e       0x6f ./src/main.o
 .comment       0x0000006e       0x6f ./src/stm32f4xx_hal_msp.o
 .comment       0x0000006e       0x6f ./src/stm32f4xx_it.o
 .comment       0x0000006e       0x6f ./src/system_stm32f4xx.o

.ARM.attributes
                0x00000000       0x31
 .ARM.attributes
                0x00000000       0x33 ./system/src/stm32f4xx/stm32f4xx_hal.o
 .ARM.attributes
                0x00000033       0x33 ./system/src/stm32f4xx/stm32f4xx_hal_cortex.o
 .ARM.attributes
                0x00000066       0x33 ./system/src/stm32f4xx/stm32f4xx_hal_gpio.o
 .ARM.attributes
                0x00000099       0x33 ./system/src/stm32f4xx/stm32f4xx_hal_rcc.o
 .ARM.attributes
                0x000000cc       0x33 ./system/src/newlib/_exit.o
 .ARM.attributes
                0x000000ff       0x33 ./system/src/newlib/_sbrk.o
 .ARM.attributes
                0x00000132       0x33 ./system/src/newlib/_startup.o
 .ARM.attributes
                0x00000165       0x33 ./system/src/newlib/_syscalls.o
 .ARM.attributes
                0x00000198       0x33 ./system/src/diag/Trace.o
 .ARM.attributes
                0x000001cb       0x33 ./system/src/diag/trace_impl.o
 .ARM.attributes
                0x000001fe       0x33 ./system/src/cortexm/_initialize_hardware.o
 .ARM.attributes
                0x00000231       0x33 ./system/src/cortexm/exception_handlers.o
 .ARM.attributes
                0x00000264       0x21 ./system/src/cmsis/startup_stm32f401xe.o
 .ARM.attributes
                0x00000285       0x33 ./src/main.o
 .ARM.attributes
                0x000002b8       0x33 ./src/stm32f4xx_hal_msp.o
 .ARM.attributes
                0x000002eb       0x33 ./src/stm32f4xx_it.o
 .ARM.attributes
                0x0000031e       0x33 ./src/system_stm32f4xx.o
 .ARM.attributes
                0x00000351       0x2e c:/smt32toolchain/gcc-arm/5.4 2016q3/bin/../lib/gcc/arm-none-eabi/5.4.1/../../../../arm-none-eabi/lib/armv7e-m\libg_nano.a(lib_a-errno.o)
 .ARM.attributes
                0x0000037f       0x2e c:/smt32toolchain/gcc-arm/5.4 2016q3/bin/../lib/gcc/arm-none-eabi/5.4.1/../../../../arm-none-eabi/lib/armv7e-m\libg_nano.a(lib_a-impure.o)
 .ARM.attributes
                0x000003ad       0x2e c:/smt32toolchain/gcc-arm/5.4 2016q3/bin/../lib/gcc/arm-none-eabi/5.4.1/../../../../arm-none-eabi/lib/armv7e-m\libg_nano.a(lib_a-memcpy-stub.o)
 .ARM.attributes
                0x000003db       0x2e c:/smt32toolchain/gcc-arm/5.4 2016q3/bin/../lib/gcc/arm-none-eabi/5.4.1/../../../../arm-none-eabi/lib/armv7e-m\libg_nano.a(lib_a-vsnprintf.o)
 .ARM.attributes
                0x00000409       0x2e c:/smt32toolchain/gcc-arm/5.4 2016q3/bin/../lib/gcc/arm-none-eabi/5.4.1/../../../../arm-none-eabi/lib/armv7e-m\libg_nano.a(lib_a-nano-svfprintf.o)
 .ARM.attributes
                0x00000437       0x2e c:/smt32toolchain/gcc-arm/5.4 2016q3/bin/../lib/gcc/arm-none-eabi/5.4.1/../../../../arm-none-eabi/lib/armv7e-m\libg_nano.a(lib_a-nano-vfprintf_i.o)
 .ARM.attributes
                0x00000465       0x1c c:/smt32toolchain/gcc-arm/5.4 2016q3/bin/../lib/gcc/arm-none-eabi/5.4.1/../../../../arm-none-eabi/lib/armv7e-m\libg_nano.a(lib_a-memchr.o)
 .ARM.attributes
                0x00000481       0x2e c:/smt32toolchain/gcc-arm/5.4 2016q3/bin/../lib/gcc/arm-none-eabi/5.4.1/../../../../arm-none-eabi/lib/armv7e-m\libg_nano.a(lib_a-memmove.o)
 .ARM.attributes
                0x000004af       0x2e c:/smt32toolchain/gcc-arm/5.4 2016q3/bin/../lib/gcc/arm-none-eabi/5.4.1/../../../../arm-none-eabi/lib/armv7e-m\libg_nano.a(lib_a-nano-freer.o)
 .ARM.attributes
                0x000004dd       0x2e c:/smt32toolchain/gcc-arm/5.4 2016q3/bin/../lib/gcc/arm-none-eabi/5.4.1/../../../../arm-none-eabi/lib/armv7e-m\libg_nano.a(lib_a-nano-mallocr.o)
 .ARM.attributes
                0x0000050b       0x2e c:/smt32toolchain/gcc-arm/5.4 2016q3/bin/../lib/gcc/arm-none-eabi/5.4.1/../../../../arm-none-eabi/lib/armv7e-m\libg_nano.a(lib_a-nano-reallocr.o)
 .ARM.attributes
                0x00000539       0x2e c:/smt32toolchain/gcc-arm/5.4 2016q3/bin/../lib/gcc/arm-none-eabi/5.4.1/../../../../arm-none-eabi/lib/armv7e-m\libg_nano.a(lib_a-sbrkr.o)
 .ARM.attributes
                0x00000567       0x2e c:/smt32toolchain/gcc-arm/5.4 2016q3/bin/../lib/gcc/arm-none-eabi/5.4.1/../../../../arm-none-eabi/lib/armv7e-m\libg_nano.a(lib_a-mlock.o)
 .ARM.attributes
                0x00000595       0x2e c:/smt32toolchain/gcc-arm/5.4 2016q3/bin/../lib/gcc/arm-none-eabi/5.4.1/../../../../arm-none-eabi/lib/armv7e-m\libg_nano.a(lib_a-nano-msizer.o)

.debug
 *(.debug)

.line
 *(.line)

.debug_srcinfo
 *(.debug_srcinfo)

.debug_sfnames
 *(.debug_sfnames)

.debug_aranges  0x00000000      0x4e0
 *(.debug_aranges)
 .debug_aranges
                0x00000000       0xc8 ./system/src/stm32f4xx/stm32f4xx_hal.o
 .debug_aranges
                0x000000c8       0xa8 ./system/src/stm32f4xx/stm32f4xx_hal_cortex.o
 .debug_aranges
                0x00000170       0x58 ./system/src/stm32f4xx/stm32f4xx_hal_gpio.o
 .debug_aranges
                0x000001c8       0x88 ./system/src/stm32f4xx/stm32f4xx_hal_rcc.o
 .debug_aranges
                0x00000250       0x28 ./system/src/newlib/_exit.o
 .debug_aranges
                0x00000278       0x20 ./system/src/newlib/_sbrk.o
 .debug_aranges
                0x00000298       0x40 ./system/src/newlib/_startup.o
 .debug_aranges
                0x000002d8       0x30 ./system/src/newlib/_syscalls.o
 .debug_aranges
                0x00000308       0x38 ./system/src/diag/Trace.o
 .debug_aranges
                0x00000340       0x28 ./system/src/diag/trace_impl.o
 .debug_aranges
                0x00000368       0x28 ./system/src/cortexm/_initialize_hardware.o
 .debug_aranges
                0x00000390       0x88 ./system/src/cortexm/exception_handlers.o
 .debug_aranges
                0x00000418       0x28 ./system/src/cmsis/startup_stm32f401xe.o
 .debug_aranges
                0x00000440       0x38 ./src/main.o
 .debug_aranges
                0x00000478       0x20 ./src/stm32f4xx_hal_msp.o
 .debug_aranges
                0x00000498       0x20 ./src/stm32f4xx_it.o
 .debug_aranges
                0x000004b8       0x28 ./src/system_stm32f4xx.o

.debug_pubnames
 *(.debug_pubnames)

.debug_info     0x00000000     0x5517
 *(.debug_info .gnu.linkonce.wi.*)
 .debug_info    0x00000000      0x8a0 ./system/src/stm32f4xx/stm32f4xx_hal.o
 .debug_info    0x000008a0      0xe56 ./system/src/stm32f4xx/stm32f4xx_hal_cortex.o
 .debug_info    0x000016f6      0x727 ./system/src/stm32f4xx/stm32f4xx_hal_gpio.o
 .debug_info    0x00001e1d      0xce3 ./system/src/stm32f4xx/stm32f4xx_hal_rcc.o
 .debug_info    0x00002b00       0xef ./system/src/newlib/_exit.o
 .debug_info    0x00002bef      0x11f ./system/src/newlib/_sbrk.o
 .debug_info    0x00002d0e      0x455 ./system/src/newlib/_startup.o
 .debug_info    0x00003163      0x1c7 ./system/src/newlib/_syscalls.o
 .debug_info    0x0000332a      0x2e7 ./system/src/diag/Trace.o
 .debug_info    0x00003611      0x114 ./system/src/diag/trace_impl.o
 .debug_info    0x00003725      0x2b1 ./system/src/cortexm/_initialize_hardware.o
 .debug_info    0x000039d6      0x7b7 ./system/src/cortexm/exception_handlers.o
 .debug_info    0x0000418d       0x82 ./system/src/cmsis/startup_stm32f401xe.o
 .debug_info    0x0000420f      0x9f0 ./src/main.o
 .debug_info    0x00004bff      0x33d ./src/stm32f4xx_hal_msp.o
 .debug_info    0x00004f3c       0xe0 ./src/stm32f4xx_it.o
 .debug_info    0x0000501c      0x4fb ./src/system_stm32f4xx.o

.debug_abbrev   0x00000000     0x16f3
 *(.debug_abbrev)
 .debug_abbrev  0x00000000      0x287 ./system/src/stm32f4xx/stm32f4xx_hal.o
 .debug_abbrev  0x00000287      0x2fe ./system/src/stm32f4xx/stm32f4xx_hal_cortex.o
 .debug_abbrev  0x00000585      0x1cd ./system/src/stm32f4xx/stm32f4xx_hal_gpio.o
 .debug_abbrev  0x00000752      0x2b0 ./system/src/stm32f4xx/stm32f4xx_hal_rcc.o
 .debug_abbrev  0x00000a02       0x8e ./system/src/newlib/_exit.o
 .debug_abbrev  0x00000a90       0xb9 ./system/src/newlib/_sbrk.o
 .debug_abbrev  0x00000b49      0x1ac ./system/src/newlib/_startup.o
 .debug_abbrev  0x00000cf5       0xec ./system/src/newlib/_syscalls.o
 .debug_abbrev  0x00000de1      0x156 ./system/src/diag/Trace.o
 .debug_abbrev  0x00000f37       0xb4 ./system/src/diag/trace_impl.o
 .debug_abbrev  0x00000feb       0xea ./system/src/cortexm/_initialize_hardware.o
 .debug_abbrev  0x000010d5      0x1d4 ./system/src/cortexm/exception_handlers.o
 .debug_abbrev  0x000012a9       0x12 ./system/src/cmsis/startup_stm32f401xe.o
 .debug_abbrev  0x000012bb      0x1d9 ./src/main.o
 .debug_abbrev  0x00001494       0xc2 ./src/stm32f4xx_hal_msp.o
 .debug_abbrev  0x00001556       0x99 ./src/stm32f4xx_it.o
 .debug_abbrev  0x000015ef      0x104 ./src/system_stm32f4xx.o

.debug_line     0x00000000     0x48a0
 *(.debug_line)
 .debug_line    0x00000000      0x6df ./system/src/stm32f4xx/stm32f4xx_hal.o
 .debug_line    0x000006df      0x73c ./system/src/stm32f4xx/stm32f4xx_hal_cortex.o
 .debug_line    0x00000e1b      0x696 ./system/src/stm32f4xx/stm32f4xx_hal_gpio.o
 .debug_line    0x000014b1      0x85c ./system/src/stm32f4xx/stm32f4xx_hal_rcc.o
 .debug_line    0x00001d0d      0x2ed ./system/src/newlib/_exit.o
 .debug_line    0x00001ffa      0x29e ./system/src/newlib/_sbrk.o
 .debug_line    0x00002298      0x354 ./system/src/newlib/_startup.o
 .debug_line    0x000025ec      0x3a5 ./system/src/newlib/_syscalls.o
 .debug_line    0x00002991      0x35b ./system/src/diag/Trace.o
 .debug_line    0x00002cec      0x38f ./system/src/diag/trace_impl.o
 .debug_line    0x0000307b      0x185 ./system/src/cortexm/_initialize_hardware.o
 .debug_line    0x00003200      0x47a ./system/src/cortexm/exception_handlers.o
 .debug_line    0x0000367a       0x88 ./system/src/cmsis/startup_stm32f401xe.o
 .debug_line    0x00003702      0x59d ./src/main.o
 .debug_line    0x00003c9f      0x541 ./src/stm32f4xx_hal_msp.o
 .debug_line    0x000041e0      0x548 ./src/stm32f4xx_it.o
 .debug_line    0x00004728      0x178 ./src/system_stm32f4xx.o

.debug_frame    0x00000000      0xc2c
 *(.debug_frame)
 .debug_frame   0x00000000      0x198 ./system/src/stm32f4xx/stm32f4xx_hal.o
 .debug_frame   0x00000198      0x154 ./system/src/stm32f4xx/stm32f4xx_hal_cortex.o
 .debug_frame   0x000002ec       0xc4 ./system/src/stm32f4xx/stm32f4xx_hal_gpio.o
 .debug_frame   0x000003b0      0x150 ./system/src/stm32f4xx/stm32f4xx_hal_rcc.o
 .debug_frame   0x00000500       0x38 ./system/src/newlib/_exit.o
 .debug_frame   0x00000538       0x28 ./system/src/newlib/_sbrk.o
 .debug_frame   0x00000560       0x7c ./system/src/newlib/_startup.o
 .debug_frame   0x000005dc       0x50 ./system/src/newlib/_syscalls.o
 .debug_frame   0x0000062c       0x94 ./system/src/diag/Trace.o
 .debug_frame   0x000006c0       0x30 ./system/src/diag/trace_impl.o
 .debug_frame   0x000006f0       0x40 ./system/src/cortexm/_initialize_hardware.o
 .debug_frame   0x00000730      0x144 ./system/src/cortexm/exception_handlers.o
 .debug_frame   0x00000874       0x74 ./src/main.o
 .debug_frame   0x000008e8       0x28 ./src/stm32f4xx_hal_msp.o
 .debug_frame   0x00000910       0x28 ./src/stm32f4xx_it.o
 .debug_frame   0x00000938       0x30 ./src/system_stm32f4xx.o
 .debug_frame   0x00000968       0x20 c:/smt32toolchain/gcc-arm/5.4 2016q3/bin/../lib/gcc/arm-none-eabi/5.4.1/../../../../arm-none-eabi/lib/armv7e-m\libg_nano.a(lib_a-errno.o)
 .debug_frame   0x00000988       0x28 c:/smt32toolchain/gcc-arm/5.4 2016q3/bin/../lib/gcc/arm-none-eabi/5.4.1/../../../../arm-none-eabi/lib/armv7e-m\libg_nano.a(lib_a-memcpy-stub.o)
 .debug_frame   0x000009b0       0x48 c:/smt32toolchain/gcc-arm/5.4 2016q3/bin/../lib/gcc/arm-none-eabi/5.4.1/../../../../arm-none-eabi/lib/armv7e-m\libg_nano.a(lib_a-vsnprintf.o)
 .debug_frame   0x000009f8       0x90 c:/smt32toolchain/gcc-arm/5.4 2016q3/bin/../lib/gcc/arm-none-eabi/5.4.1/../../../../arm-none-eabi/lib/armv7e-m\libg_nano.a(lib_a-nano-svfprintf.o)
 .debug_frame   0x00000a88       0x60 c:/smt32toolchain/gcc-arm/5.4 2016q3/bin/../lib/gcc/arm-none-eabi/5.4.1/../../../../arm-none-eabi/lib/armv7e-m\libg_nano.a(lib_a-nano-vfprintf_i.o)
 .debug_frame   0x00000ae8       0x28 c:/smt32toolchain/gcc-arm/5.4 2016q3/bin/../lib/gcc/arm-none-eabi/5.4.1/../../../../arm-none-eabi/lib/armv7e-m\libg_nano.a(lib_a-memmove.o)
 .debug_frame   0x00000b10       0x38 c:/smt32toolchain/gcc-arm/5.4 2016q3/bin/../lib/gcc/arm-none-eabi/5.4.1/../../../../arm-none-eabi/lib/armv7e-m\libg_nano.a(lib_a-nano-freer.o)
 .debug_frame   0x00000b48       0x2c c:/smt32toolchain/gcc-arm/5.4 2016q3/bin/../lib/gcc/arm-none-eabi/5.4.1/../../../../arm-none-eabi/lib/armv7e-m\libg_nano.a(lib_a-nano-mallocr.o)
 .debug_frame   0x00000b74       0x3c c:/smt32toolchain/gcc-arm/5.4 2016q3/bin/../lib/gcc/arm-none-eabi/5.4.1/../../../../arm-none-eabi/lib/armv7e-m\libg_nano.a(lib_a-nano-reallocr.o)
 .debug_frame   0x00000bb0       0x2c c:/smt32toolchain/gcc-arm/5.4 2016q3/bin/../lib/gcc/arm-none-eabi/5.4.1/../../../../arm-none-eabi/lib/armv7e-m\libg_nano.a(lib_a-sbrkr.o)
 .debug_frame   0x00000bdc       0x30 c:/smt32toolchain/gcc-arm/5.4 2016q3/bin/../lib/gcc/arm-none-eabi/5.4.1/../../../../arm-none-eabi/lib/armv7e-m\libg_nano.a(lib_a-mlock.o)
 .debug_frame   0x00000c0c       0x20 c:/smt32toolchain/gcc-arm/5.4 2016q3/bin/../lib/gcc/arm-none-eabi/5.4.1/../../../../arm-none-eabi/lib/armv7e-m\libg_nano.a(lib_a-nano-msizer.o)

.debug_str      0x00000000    0x7ed45
 *(.debug_str)
 .debug_str     0x00000000    0x7b864 ./system/src/stm32f4xx/stm32f4xx_hal.o
                              0x7bc2f (size before relaxing)
 .debug_str     0x0007b864      0x3bb ./system/src/stm32f4xx/stm32f4xx_hal_cortex.o
                              0x7b9db (size before relaxing)
 .debug_str     0x0007bc1f      0x284 ./system/src/stm32f4xx/stm32f4xx_hal_gpio.o
                              0x7b4d7 (size before relaxing)
 .debug_str     0x0007bea3      0x390 ./system/src/stm32f4xx/stm32f4xx_hal_rcc.o
                              0x7b6d4 (size before relaxing)
 .debug_str     0x0007c233     0x10b6 ./system/src/newlib/_exit.o
                               0x6e72 (size before relaxing)
 .debug_str     0x0007d2e9      0x4de ./system/src/newlib/_sbrk.o
                               0x625d (size before relaxing)
 .debug_str     0x0007d7c7      0x266 ./system/src/newlib/_startup.o
                               0x5e12 (size before relaxing)
 .debug_str     0x0007da2d      0xe18 ./system/src/newlib/_syscalls.o
                               0x70bd (size before relaxing)
 .debug_str     0x0007e845      0x176 ./system/src/diag/Trace.o
                               0x7662 (size before relaxing)
 .debug_str     0x0007e9bb       0x4b ./system/src/diag/trace_impl.o
                              0x4f1c1 (size before relaxing)
 .debug_str     0x0007ea06       0x5e ./system/src/cortexm/_initialize_hardware.o
                              0x4b6a3 (size before relaxing)
 .debug_str     0x0007ea64      0x1e5 ./system/src/cortexm/exception_handlers.o
                              0x50022 (size before relaxing)
 .debug_str     0x0007ec49       0x42 ./src/main.o
                              0x7b871 (size before relaxing)
 .debug_str     0x0007ec8b       0x1b ./src/stm32f4xx_hal_msp.o
                              0x7b4b1 (size before relaxing)
 .debug_str     0x0007eca6       0x28 ./src/stm32f4xx_it.o
                              0x7b127 (size before relaxing)
 .debug_str     0x0007ecce       0x77 ./src/system_stm32f4xx.o
                              0x4b7e1 (size before relaxing)

.debug_loc      0x00000000     0x16b8
 *(.debug_loc)
 .debug_loc     0x00000000       0x91 ./system/src/stm32f4xx/stm32f4xx_hal.o
 .debug_loc     0x00000091      0x548 ./system/src/stm32f4xx/stm32f4xx_hal_cortex.o
 .debug_loc     0x000005d9      0x39a ./system/src/stm32f4xx/stm32f4xx_hal_gpio.o
 .debug_loc     0x00000973      0x622 ./system/src/stm32f4xx/stm32f4xx_hal_rcc.o
 .debug_loc     0x00000f95       0x82 ./system/src/newlib/_sbrk.o
 .debug_loc     0x00001017      0x265 ./system/src/newlib/_startup.o
 .debug_loc     0x0000127c       0x63 ./system/src/newlib/_syscalls.o
 .debug_loc     0x000012df      0x102 ./system/src/diag/Trace.o
 .debug_loc     0x000013e1       0x21 ./system/src/diag/trace_impl.o
 .debug_loc     0x00001402      0x184 ./system/src/cortexm/exception_handlers.o
 .debug_loc     0x00001586      0x132 ./src/system_stm32f4xx.o

.debug_macinfo
 *(.debug_macinfo)

.debug_weaknames
 *(.debug_weaknames)

.debug_funcnames
 *(.debug_funcnames)

.debug_typenames
 *(.debug_typenames)

.debug_varnames
 *(.debug_varnames)
OUTPUT(chap4-project.elf elf32-littlearm)

.debug_ranges   0x00000000      0x3f0
 .debug_ranges  0x00000000       0xb8 ./system/src/stm32f4xx/stm32f4xx_hal.o
 .debug_ranges  0x000000b8       0x98 ./system/src/stm32f4xx/stm32f4xx_hal_cortex.o
 .debug_ranges  0x00000150       0x48 ./system/src/stm32f4xx/stm32f4xx_hal_gpio.o
 .debug_ranges  0x00000198       0x78 ./system/src/stm32f4xx/stm32f4xx_hal_rcc.o
 .debug_ranges  0x00000210       0x18 ./system/src/newlib/_exit.o
 .debug_ranges  0x00000228       0x10 ./system/src/newlib/_sbrk.o
 .debug_ranges  0x00000238       0x48 ./system/src/newlib/_startup.o
 .debug_ranges  0x00000280       0x20 ./system/src/newlib/_syscalls.o
 .debug_ranges  0x000002a0       0x28 ./system/src/diag/Trace.o
 .debug_ranges  0x000002c8       0x18 ./system/src/diag/trace_impl.o
 .debug_ranges  0x000002e0       0x18 ./system/src/cortexm/_initialize_hardware.o
 .debug_ranges  0x000002f8       0x78 ./system/src/cortexm/exception_handlers.o
 .debug_ranges  0x00000370       0x20 ./system/src/cmsis/startup_stm32f401xe.o
 .debug_ranges  0x00000390       0x28 ./src/main.o
 .debug_ranges  0x000003b8       0x10 ./src/stm32f4xx_hal_msp.o
 .debug_ranges  0x000003c8       0x10 ./src/stm32f4xx_it.o
 .debug_ranges  0x000003d8       0x18 ./src/system_stm32f4xx.o

.debug_macro    0x00000000    0x16357
 .debug_macro   0x00000000      0x331 ./system/src/stm32f4xx/stm32f4xx_hal.o
 .debug_macro   0x00000331      0x880 ./system/src/stm32f4xx/stm32f4xx_hal.o
 .debug_macro   0x00000bb1       0x64 ./system/src/stm32f4xx/stm32f4xx_hal.o
 .debug_macro   0x00000c15      0x174 ./system/src/stm32f4xx/stm32f4xx_hal.o
 .debug_macro   0x00000d89       0x33 ./system/src/stm32f4xx/stm32f4xx_hal.o
 .debug_macro   0x00000dbc       0x28 ./system/src/stm32f4xx/stm32f4xx_hal.o
 .debug_macro   0x00000de4      0x34e ./system/src/stm32f4xx/stm32f4xx_hal.o
 .debug_macro   0x00001132       0x35 ./system/src/stm32f4xx/stm32f4xx_hal.o
 .debug_macro   0x00001167       0x50 ./system/src/stm32f4xx/stm32f4xx_hal.o
 .debug_macro   0x000011b7      0xe66 ./system/src/stm32f4xx/stm32f4xx_hal.o
 .debug_macro   0x0000201d     0xb81f ./system/src/stm32f4xx/stm32f4xx_hal.o
 .debug_macro   0x0000d83c       0x43 ./system/src/stm32f4xx/stm32f4xx_hal.o
 .debug_macro   0x0000d87f     0x3574 ./system/src/stm32f4xx/stm32f4xx_hal.o
 .debug_macro   0x00010df3       0x22 ./system/src/stm32f4xx/stm32f4xx_hal.o
 .debug_macro   0x00010e15       0x4c ./system/src/stm32f4xx/stm32f4xx_hal.o
 .debug_macro   0x00010e61       0x8d ./system/src/stm32f4xx/stm32f4xx_hal.o
 .debug_macro   0x00010eee       0x35 ./system/src/stm32f4xx/stm32f4xx_hal.o
 .debug_macro   0x00010f23       0x9c ./system/src/stm32f4xx/stm32f4xx_hal.o
 .debug_macro   0x00010fbf       0x16 ./system/src/stm32f4xx/stm32f4xx_hal.o
 .debug_macro   0x00010fd5       0x4a ./system/src/stm32f4xx/stm32f4xx_hal.o
 .debug_macro   0x0001101f       0x97 ./system/src/stm32f4xx/stm32f4xx_hal.o
 .debug_macro   0x000110b6      0x30d ./system/src/stm32f4xx/stm32f4xx_hal.o
 .debug_macro   0x000113c3       0xfd ./system/src/stm32f4xx/stm32f4xx_hal.o
 .debug_macro   0x000114c0       0x10 ./system/src/stm32f4xx/stm32f4xx_hal.o
 .debug_macro   0x000114d0       0x52 ./system/src/stm32f4xx/stm32f4xx_hal.o
 .debug_macro   0x00011522       0x1f ./system/src/stm32f4xx/stm32f4xx_hal.o
 .debug_macro   0x00011541       0x43 ./system/src/stm32f4xx/stm32f4xx_hal.o
 .debug_macro   0x00011584       0x20 ./system/src/stm32f4xx/stm32f4xx_hal.o
 .debug_macro   0x000115a4      0x187 ./system/src/stm32f4xx/stm32f4xx_hal.o
 .debug_macro   0x0001172b       0x10 ./system/src/stm32f4xx/stm32f4xx_hal.o
 .debug_macro   0x0001173b       0x5e ./system/src/stm32f4xx/stm32f4xx_hal.o
 .debug_macro   0x00011799       0x1c ./system/src/stm32f4xx/stm32f4xx_hal.o
 .debug_macro   0x000117b5       0x52 ./system/src/stm32f4xx/stm32f4xx_hal.o
 .debug_macro   0x00011807       0x40 ./system/src/stm32f4xx/stm32f4xx_hal.o
 .debug_macro   0x00011847       0x10 ./system/src/stm32f4xx/stm32f4xx_hal.o
 .debug_macro   0x00011857       0x40 ./system/src/stm32f4xx/stm32f4xx_hal.o
 .debug_macro   0x00011897       0xd7 ./system/src/stm32f4xx/stm32f4xx_hal.o
 .debug_macro   0x0001196e       0x16 ./system/src/stm32f4xx/stm32f4xx_hal.o
 .debug_macro   0x00011984      0x18b ./system/src/stm32f4xx/stm32f4xx_hal.o
 .debug_macro   0x00011b0f       0x57 ./system/src/stm32f4xx/stm32f4xx_hal.o
 .debug_macro   0x00011b66      0x416 ./system/src/stm32f4xx/stm32f4xx_hal.o
 .debug_macro   0x00011f7c      0x9e1 ./system/src/stm32f4xx/stm32f4xx_hal.o
 .debug_macro   0x0001295d      0x11e ./system/src/stm32f4xx/stm32f4xx_hal.o
 .debug_macro   0x00012a7b       0xf8 ./system/src/stm32f4xx/stm32f4xx_hal.o
 .debug_macro   0x00012b73       0x27 ./system/src/stm32f4xx/stm32f4xx_hal.o
 .debug_macro   0x00012b9a      0x287 ./system/src/stm32f4xx/stm32f4xx_hal.o
 .debug_macro   0x00012e21       0x5f ./system/src/stm32f4xx/stm32f4xx_hal.o
 .debug_macro   0x00012e80      0x23a ./system/src/stm32f4xx/stm32f4xx_hal.o
 .debug_macro   0x000130ba      0x13a ./system/src/stm32f4xx/stm32f4xx_hal.o
 .debug_macro   0x000131f4      0x264 ./system/src/stm32f4xx/stm32f4xx_hal.o
 .debug_macro   0x00013458       0x2e ./system/src/stm32f4xx/stm32f4xx_hal.o
 .debug_macro   0x00013486      0x11e ./system/src/stm32f4xx/stm32f4xx_hal.o
 .debug_macro   0x000135a4       0x85 ./system/src/stm32f4xx/stm32f4xx_hal.o
 .debug_macro   0x00013629       0x89 ./system/src/stm32f4xx/stm32f4xx_hal.o
 .debug_macro   0x000136b2      0x11e ./system/src/stm32f4xx/stm32f4xx_hal.o
 .debug_macro   0x000137d0      0x2d1 ./system/src/stm32f4xx/stm32f4xx_hal_cortex.o
 .debug_macro   0x00013aa1      0x309 ./system/src/stm32f4xx/stm32f4xx_hal_gpio.o
 .debug_macro   0x00013daa      0x2fb ./system/src/stm32f4xx/stm32f4xx_hal_rcc.o
 .debug_macro   0x000140a5      0x19c ./system/src/newlib/_exit.o
 .debug_macro   0x00014241      0x10e ./system/src/newlib/_exit.o
 .debug_macro   0x0001434f       0x8d ./system/src/newlib/_exit.o
 .debug_macro   0x000143dc       0x35 ./system/src/newlib/_exit.o
 .debug_macro   0x00014411      0x151 ./system/src/newlib/_sbrk.o
 .debug_macro   0x00014562      0x174 ./system/src/newlib/_sbrk.o
 .debug_macro   0x000146d6       0x10 ./system/src/newlib/_sbrk.o
 .debug_macro   0x000146e6      0x23b ./system/src/newlib/_sbrk.o
 .debug_macro   0x00014921      0x15b ./system/src/newlib/_startup.o
 .debug_macro   0x00014a7c      0x1ff ./system/src/newlib/_syscalls.o
 .debug_macro   0x00014c7b       0x1c ./system/src/newlib/_syscalls.o
 .debug_macro   0x00014c97       0x10 ./system/src/newlib/_syscalls.o
 .debug_macro   0x00014ca7       0x10 ./system/src/newlib/_syscalls.o
 .debug_macro   0x00014cb7       0x10 ./system/src/newlib/_syscalls.o
 .debug_macro   0x00014cc7       0x35 ./system/src/newlib/_syscalls.o
 .debug_macro   0x00014cfc      0x122 ./system/src/newlib/_syscalls.o
 .debug_macro   0x00014e1e       0x88 ./system/src/newlib/_syscalls.o
 .debug_macro   0x00014ea6       0x2b ./system/src/newlib/_syscalls.o
 .debug_macro   0x00014ed1      0x118 ./system/src/newlib/_syscalls.o
 .debug_macro   0x00014fe9      0x159 ./system/src/newlib/_syscalls.o
 .debug_macro   0x00015142       0x16 ./system/src/newlib/_syscalls.o
 .debug_macro   0x00015158      0x1d9 ./system/src/diag/Trace.o
 .debug_macro   0x00015331       0x4c ./system/src/diag/Trace.o
 .debug_macro   0x0001537d       0x16 ./system/src/diag/Trace.o
 .debug_macro   0x00015393      0x1db ./system/src/diag/trace_impl.o
 .debug_macro   0x0001556e       0x10 ./system/src/diag/trace_impl.o
 .debug_macro   0x0001557e       0xcf ./system/src/diag/trace_impl.o
 .debug_macro   0x0001564d       0xbe ./system/src/diag/trace_impl.o
 .debug_macro   0x0001570b       0x95 ./system/src/cortexm/_initialize_hardware.o
 .debug_macro   0x000157a0      0x22c ./system/src/cortexm/exception_handlers.o
 .debug_macro   0x000159cc       0x3b ./system/src/cortexm/exception_handlers.o
 .debug_macro   0x00015a07       0x22 ./system/src/cortexm/exception_handlers.o
 .debug_macro   0x00015a29       0x10 ./system/src/cortexm/exception_handlers.o
 .debug_macro   0x00015a39      0x2d5 ./src/main.o
 .debug_macro   0x00015d0e      0x2d1 ./src/stm32f4xx_hal_msp.o
 .debug_macro   0x00015fdf      0x2db ./src/stm32f4xx_it.o
 .debug_macro   0x000162ba       0x9d ./src/system_stm32f4xx.o
